a
:eee
